// Jest Snapshot v1, https://goo.gl/fbAQLP

exports[`Header 样式发生改变，做提示 1`] = `
<div class="header">
  <div class="header-content">
    TodoList:
    <input placeholder="add todoItem" data-test="input" type="text" class="header-input"></div>
</div>
`;
